[xcelpv48.godaddysites.com/index.html]
[backblue.gif]
[fade.gif]
[index.html]
[xcelpv48.godaddysites.com/manifest.webmanifest]
[img1.wsimg.com/isteam/ip/8e320b80-659d-4f80-b0ac-2aa5aa91f0c2/kisspng-science-book-laboratory-chemistry-scho.png]
[xcelpv48.godaddysites.com/sw.js]
[xcelpv48.godaddysites.com/services.html]
[xcelpv48.godaddysites.com/stempedia.html]
[xcelpv48.godaddysites.com/about-us.html]
[xcelpv48.godaddysites.com/contact-us.html]
[xcelpv48.godaddysites.com/m/logina8b9.html]
[xcelpv48.godaddysites.com/m/create-account.html]
[xcelpv48.godaddysites.com/m/login55d2.html]
[xcelpv48.godaddysites.com/privacy-policy.html]
[img1.wsimg.com/blobby/go/8e320b80-659d-4f80-b0ac-2aa5aa91f0c2/gpub/17731a452778c1d1/script.js]
[img1.wsimg.com/blobby/go/8e320b80-659d-4f80-b0ac-2aa5aa91f0c2/gpub/e37115dff5d40dd0/script.js]
[connect.facebook.net/en_US/fbevents.js]
[img1.wsimg.com/poly/v3/polyfill.min6ee5.js]
[xcelpv48.godaddysites.com/index.html]
[img1.wsimg.com/ceph-p3-01/website-builder-data-prod/static/widgets/UX.4.30.4.js]
[img1.wsimg.com/blobby/go/8e320b80-659d-4f80-b0ac-2aa5aa91f0c2/gpub/d6d4a5e7530632ea/script.js]
[xcelpv48.godaddysites.com/services.html]
[img1.wsimg.com/blobby/go/8e320b80-659d-4f80-b0ac-2aa5aa91f0c2/gpub/7ea385029ecce185/script.js]
[xcelpv48.godaddysites.com/stempedia/f.atom]
[xcelpv48.godaddysites.com/stempedia/f.json]
[img1.wsimg.com/blobby/go/8e320b80-659d-4f80-b0ac-2aa5aa91f0c2/gpub/6f57ef6e96e14d2d/script.js]
[xcelpv48.godaddysites.com/stempedia/f.rss]
[img1.wsimg.com/blobby/go/8e320b80-659d-4f80-b0ac-2aa5aa91f0c2/gpub/214d0d99b8b343c9/script.js]
[xcelpv48.godaddysites.com/stempedia.html]
[img1.wsimg.com/blobby/go/8e320b80-659d-4f80-b0ac-2aa5aa91f0c2/gpub/1e8f1459d05a52fc/script.js]
[xcelpv48.godaddysites.com/about-us.html]
[img1.wsimg.com/blobby/go/8e320b80-659d-4f80-b0ac-2aa5aa91f0c2/gpub/ef3ae3c4ac392699/script.js]
[img1.wsimg.com/blobby/go/8e320b80-659d-4f80-b0ac-2aa5aa91f0c2/gpub/76e6115490d8039b/script.js]
[img1.wsimg.com/blobby/go/8e320b80-659d-4f80-b0ac-2aa5aa91f0c2/gpub/38b3011f0ddda044/script.js]
[xcelpv48.godaddysites.com/contact-us.html]
[xcelpv48.godaddysites.com/m/login.html]
[xcelpv48.godaddysites.com/m/logina8b9.html]
[img1.wsimg.com/blobby/go/8e320b80-659d-4f80-b0ac-2aa5aa91f0c2/gpub/5a7238ad5b499288/script.js]
[img1.wsimg.com/blobby/go/8e320b80-659d-4f80-b0ac-2aa5aa91f0c2/gpub/847db6aa6375ab45/script.js]
[xcelpv48.godaddysites.com/m/create-account.html]
[xcelpv48.godaddysites.com/m/login55d2.html]
[img1.wsimg.com/blobby/go/8e320b80-659d-4f80-b0ac-2aa5aa91f0c2/gpub/c3f0b92451256c91/script.js]
[xcelpv48.godaddysites.com/privacy-policy.html]
[img1.wsimg.com/blobby/go/8e320b80-659d-4f80-b0ac-2aa5aa91f0c2/gpub/f5b14bd2b52d341a/script.js]
[img1.wsimg.com/blobby/go/8e320b80-659d-4f80-b0ac-2aa5aa91f0c2/gpub/bb8890feb7597e16/script.js]
[img1.wsimg.com/blobby/go/8e320b80-659d-4f80-b0ac-2aa5aa91f0c2/gpub/32cfde72ed6549ca/script.js]
[xcelpv48.godaddysites.com/c]
[xcelpv48.godaddysites.com/POST]
[connect.facebook.net/en_US/fbevents.js]
[img1.wsimg.com/traffic-assets/js/tccl-tti.min.html]
[img1.wsimg.com/traffic-assets/js/tccl.min.html]
[xcelpv48.godaddysites.com/m/login.html]
[xcelpv48.godaddysites.com/c.html]
[xcelpv48.godaddysites.com/POST.html]
